// Jest Snapshot v1, https://goo.gl/fbAQLP

exports[`render App 1`] = `
<ErrorBoundary>
  <Provider
    store={
      Object {
        "dispatch": [Function],
        "getState": [Function],
        "replaceReducer": [Function],
        "subscribe": [Function],
        Symbol(observable): [Function],
      }
    }
  >
    <BrowserRouter>
      <Route
        component={
          Object {
            "$$typeof": Symbol(react.memo),
            "WrappedComponent": [Function],
            "compare": null,
            "displayName": "Connect(MasterPage)",
            "type": [Function],
          }
        }
        path="/"
      />
    </BrowserRouter>
  </Provider>
</ErrorBoundary>
`;
